============================= test session starts =============================
platform win32 -- Python 3.12.10, pytest-9.0.1, pluggy-1.6.0
rootdir: C:\Users\Dante\Desktop\EudoraX\Prorotype\X.worktrees\CodeAgents
configfile: pyproject.toml
plugins: anyio-4.11.0, langsmith-0.4.49, asyncio-1.3.0, cov-7.0.0
asyncio: mode=Mode.STRICT, debug=False, asyncio_default_fixture_loop_scope=None, asyncio_default_test_loop_scope=function
collected 1 item

tests\test_nodes.py F                                                    [100%]

================================== FAILURES ===================================
_________________________________ test_nodes __________________________________

    def test_nodes():
        print("Testing FirecrawlNode...")
        node = FirecrawlNode(name="firecrawl")
        output = node.execute(FirecrawlInput(url="http://example.com"))
        print(output)
    
        print("\nTesting ComfyUINode...")
        node = ComfyUINode(name="comfyui")
        output = node.execute(ComfyUIInput(workflow_json={"node": "test"}))
        print(output)
    
        print("\nTesting Anime4kNode...")
        node = Anime4kNode(name="anime4k")
>       output = node.execute(Anime4kInput(input_video_path="in.mp4", output_video_path="out.mp4"))
                              ^^^^^^^^^^^^^^^^^^^^^^^^^^^^^^^^^^^^^^^^^^^^^^^^^^^^^^^^^^^^^^^^^^^^
E       pydantic_core._pydantic_core.ValidationError: 1 validation error for Anime4kInput
E       input_path
E         Field required [type=missing, input_value={'input_video_path': 'in...._video_path': 'out.mp4'}, input_type=dict]
E           For further information visit https://errors.pydantic.dev/2.12/v/missing

tests\test_nodes.py:32: ValidationError
---------------------------- Captured stdout call -----------------------------
Testing FirecrawlNode...
Executing Firecrawl on http://example.com
data={'url': 'http://example.com', 'status': 'crawled (mock)'}

Testing ComfyUINode...
Failed to connect to ComfyUI at 127.0.0.1:8188: [WinError 10061] Nenhuma conexÒo p¶de ser feita porque a mßquina de destino as recusou ativamente
images=[] history={'error': '[WinError 10061] Nenhuma conexÒo p¶de ser feita porque a mßquina de destino as recusou ativamente'}

Testing Anime4kNode...
=========================== short test summary info ===========================
FAILED tests/test_nodes.py::test_nodes - pydantic_core._pydantic_core.Validat...
============================== 1 failed in 2.15s ==============================
